
Copyright (C) 1994-2020 Synopsys, Inc.
This Synopsys software and all associated documentation are proprietary to Synopsys, Inc.
and may only be used pursuant to the terms and conditions of a written license agreement
with Synopsys, Inc. All other use, reproduction, modification, or distribution of the
Synopsys software or the associated documentation is strictly prohibited.
Tool: Synplify Pro (R)
Build: Q-2020.03L-SP1
Install: C:\lscc\diamond\3.12\synpbase
OS: Windows 6.2

Hostname: LAPTOP-QU0RURPA

Implementation : A
Synopsys HDL compiler and linker, Version comp202003synp2, Build 182R, Built Oct 29 2020 10:49:53, @

Modified Files: 3
FID:  path (prevtimestamp, timestamp)
169      C:\Users\cypri\Documents\GIT\PGE\11_FPGA_GENERATION\GenVideo\Diamond1.4\A\reveal_workspace\tmpreveal\Top_rvl_top.vhd (2021-04-15 15:13:06, 2021-04-15 15:25:04)
170      C:\Users\cypri\Documents\GIT\PGE\11_FPGA_GENERATION\GenVideo\Diamond1.4\A\reveal_workspace\tmpreveal\top_la0_gen.v (2021-04-15 15:13:06, 2021-04-15 15:25:04)
171      C:\Users\cypri\Documents\GIT\PGE\11_FPGA_GENERATION\GenVideo\Diamond1.4\A\reveal_workspace\tmpreveal\top_la0_trig_gen.v (2021-04-15 15:13:06, 2021-04-15 15:25:04)

*******************************************************************
Modules that may have changed as a result of file changes: 99
MID:  lib.cell.view
144      work.decodage_generation.arch may have changed because the following files changed:
                        C:\Users\cypri\Documents\GIT\PGE\11_FPGA_GENERATION\GenVideo\Diamond1.4\A\reveal_workspace\tmpreveal\Top_rvl_top.vhd (2021-04-15 15:13:06, 2021-04-15 15:25:04) <-- (architecture and entity definition)
146      work.decodage_generation_uniq_0.arch may have changed because the following files changed:
                        C:\Users\cypri\Documents\GIT\PGE\11_FPGA_GENERATION\GenVideo\Diamond1.4\A\reveal_workspace\tmpreveal\Top_rvl_top.vhd (2021-04-15 15:13:06, 2021-04-15 15:25:04) <-- (architecture and entity definition)
1        work.dvi410.rtl may have changed because the following files changed:
                        C:\Users\cypri\Documents\GIT\PGE\11_FPGA_GENERATION\GenVideo\Diamond1.4\A\reveal_workspace\tmpreveal\Top_rvl_top.vhd (2021-04-15 15:13:06, 2021-04-15 15:25:04) <-- (architecture and entity definition)
3        work.dvi410_uniq_0.rtl may have changed because the following files changed:
                        C:\Users\cypri\Documents\GIT\PGE\11_FPGA_GENERATION\GenVideo\Diamond1.4\A\reveal_workspace\tmpreveal\Top_rvl_top.vhd (2021-04-15 15:13:06, 2021-04-15 15:25:04) <-- (architecture and entity definition)
5        work.dvi410cnt.rtl may have changed because the following files changed:
                        C:\Users\cypri\Documents\GIT\PGE\11_FPGA_GENERATION\GenVideo\Diamond1.4\A\reveal_workspace\tmpreveal\Top_rvl_top.vhd (2021-04-15 15:13:06, 2021-04-15 15:25:04) <-- (architecture and entity definition)
7        work.dvi410cnt_uniq_0.rtl may have changed because the following files changed:
                        C:\Users\cypri\Documents\GIT\PGE\11_FPGA_GENERATION\GenVideo\Diamond1.4\A\reveal_workspace\tmpreveal\Top_rvl_top.vhd (2021-04-15 15:13:06, 2021-04-15 15:25:04) <-- (architecture and entity definition)
9        work.dvi410conf.rtl may have changed because the following files changed:
                        C:\Users\cypri\Documents\GIT\PGE\11_FPGA_GENERATION\GenVideo\Diamond1.4\A\reveal_workspace\tmpreveal\Top_rvl_top.vhd (2021-04-15 15:13:06, 2021-04-15 15:25:04) <-- (architecture and entity definition)
11       work.dvi410conf_uniq_0.rtl may have changed because the following files changed:
                        C:\Users\cypri\Documents\GIT\PGE\11_FPGA_GENERATION\GenVideo\Diamond1.4\A\reveal_workspace\tmpreveal\Top_rvl_top.vhd (2021-04-15 15:13:06, 2021-04-15 15:25:04) <-- (architecture and entity definition)
13       work.dvi410request.rtl may have changed because the following files changed:
                        C:\Users\cypri\Documents\GIT\PGE\11_FPGA_GENERATION\GenVideo\Diamond1.4\A\reveal_workspace\tmpreveal\Top_rvl_top.vhd (2021-04-15 15:13:06, 2021-04-15 15:25:04) <-- (architecture and entity definition)
15       work.dvi410request_uniq_0.rtl may have changed because the following files changed:
                        C:\Users\cypri\Documents\GIT\PGE\11_FPGA_GENERATION\GenVideo\Diamond1.4\A\reveal_workspace\tmpreveal\Top_rvl_top.vhd (2021-04-15 15:13:06, 2021-04-15 15:25:04) <-- (architecture and entity definition)
17       work.dvi410sync.rtl may have changed because the following files changed:
                        C:\Users\cypri\Documents\GIT\PGE\11_FPGA_GENERATION\GenVideo\Diamond1.4\A\reveal_workspace\tmpreveal\Top_rvl_top.vhd (2021-04-15 15:13:06, 2021-04-15 15:25:04) <-- (architecture and entity definition)
19       work.dvi410sync_uniq_0.rtl may have changed because the following files changed:
                        C:\Users\cypri\Documents\GIT\PGE\11_FPGA_GENERATION\GenVideo\Diamond1.4\A\reveal_workspace\tmpreveal\Top_rvl_top.vhd (2021-04-15 15:13:06, 2021-04-15 15:25:04) <-- (architecture and entity definition)
21       work.dvi410timing.rtl may have changed because the following files changed:
                        C:\Users\cypri\Documents\GIT\PGE\11_FPGA_GENERATION\GenVideo\Diamond1.4\A\reveal_workspace\tmpreveal\Top_rvl_top.vhd (2021-04-15 15:13:06, 2021-04-15 15:25:04) <-- (architecture and entity definition)
23       work.dvi410timing_uniq_0.rtl may have changed because the following files changed:
                        C:\Users\cypri\Documents\GIT\PGE\11_FPGA_GENERATION\GenVideo\Diamond1.4\A\reveal_workspace\tmpreveal\Top_rvl_top.vhd (2021-04-15 15:13:06, 2021-04-15 15:25:04) <-- (architecture and entity definition)
25       work.ep32.behavioral may have changed because the following files changed:
                        C:\Users\cypri\Documents\GIT\PGE\11_FPGA_GENERATION\GenVideo\Diamond1.4\A\reveal_workspace\tmpreveal\Top_rvl_top.vhd (2021-04-15 15:13:06, 2021-04-15 15:25:04) <-- (architecture and entity definition)
27       work.ep32_uniq_0.behavioral may have changed because the following files changed:
                        C:\Users\cypri\Documents\GIT\PGE\11_FPGA_GENERATION\GenVideo\Diamond1.4\A\reveal_workspace\tmpreveal\Top_rvl_top.vhd (2021-04-15 15:13:06, 2021-04-15 15:25:04) <-- (architecture and entity definition)
29       work.forth.rtl may have changed because the following files changed:
                        C:\Users\cypri\Documents\GIT\PGE\11_FPGA_GENERATION\GenVideo\Diamond1.4\A\reveal_workspace\tmpreveal\Top_rvl_top.vhd (2021-04-15 15:13:06, 2021-04-15 15:25:04) <-- (architecture and entity definition)
31       work.forth_uniq_0.rtl may have changed because the following files changed:
                        C:\Users\cypri\Documents\GIT\PGE\11_FPGA_GENERATION\GenVideo\Diamond1.4\A\reveal_workspace\tmpreveal\Top_rvl_top.vhd (2021-04-15 15:13:06, 2021-04-15 15:25:04) <-- (architecture and entity definition)
33       work.i2cmastercommands.rtl may have changed because the following files changed:
                        C:\Users\cypri\Documents\GIT\PGE\11_FPGA_GENERATION\GenVideo\Diamond1.4\A\reveal_workspace\tmpreveal\Top_rvl_top.vhd (2021-04-15 15:13:06, 2021-04-15 15:25:04) <-- (architecture and entity definition)
35       work.i2cmastercommands_uniq_0.rtl may have changed because the following files changed:
                        C:\Users\cypri\Documents\GIT\PGE\11_FPGA_GENERATION\GenVideo\Diamond1.4\A\reveal_workspace\tmpreveal\Top_rvl_top.vhd (2021-04-15 15:13:06, 2021-04-15 15:25:04) <-- (architecture and entity definition)
37       work.i2cmasterdevice.rtl may have changed because the following files changed:
                        C:\Users\cypri\Documents\GIT\PGE\11_FPGA_GENERATION\GenVideo\Diamond1.4\A\reveal_workspace\tmpreveal\Top_rvl_top.vhd (2021-04-15 15:13:06, 2021-04-15 15:25:04) <-- (architecture and entity definition)
39       work.i2cmasterdevice_uniq_0.rtl may have changed because the following files changed:
                        C:\Users\cypri\Documents\GIT\PGE\11_FPGA_GENERATION\GenVideo\Diamond1.4\A\reveal_workspace\tmpreveal\Top_rvl_top.vhd (2021-04-15 15:13:06, 2021-04-15 15:25:04) <-- (architecture and entity definition)
47       work.jtagconn16.verilog may have changed because the following files changed:
                        C:\Users\cypri\Documents\GIT\PGE\11_FPGA_GENERATION\GenVideo\Diamond1.4\A\reveal_workspace\tmpreveal\Top_rvl_top.vhd (2021-04-15 15:13:06, 2021-04-15 15:25:04) <-- (may instantiate this module)
                        C:\Users\cypri\Documents\GIT\PGE\11_FPGA_GENERATION\GenVideo\Diamond1.4\A\reveal_workspace\tmpreveal\top_la0_gen.v (2021-04-15 15:13:06, 2021-04-15 15:25:04) <-- (may instantiate this module)
                        C:\Users\cypri\Documents\GIT\PGE\11_FPGA_GENERATION\GenVideo\Diamond1.4\A\reveal_workspace\tmpreveal\top_la0_trig_gen.v (2021-04-15 15:13:06, 2021-04-15 15:25:04) <-- (may instantiate this module)
50       work.mires.mires may have changed because the following files changed:
                        C:\Users\cypri\Documents\GIT\PGE\11_FPGA_GENERATION\GenVideo\Diamond1.4\A\reveal_workspace\tmpreveal\Top_rvl_top.vhd (2021-04-15 15:13:06, 2021-04-15 15:25:04) <-- (architecture and entity definition)
52       work.mires_uniq_0.mires may have changed because the following files changed:
                        C:\Users\cypri\Documents\GIT\PGE\11_FPGA_GENERATION\GenVideo\Diamond1.4\A\reveal_workspace\tmpreveal\Top_rvl_top.vhd (2021-04-15 15:13:06, 2021-04-15 15:25:04) <-- (architecture and entity definition)
54       work.pll125to100x50.structure may have changed because the following files changed:
                        C:\Users\cypri\Documents\GIT\PGE\11_FPGA_GENERATION\GenVideo\Diamond1.4\A\reveal_workspace\tmpreveal\Top_rvl_top.vhd (2021-04-15 15:13:06, 2021-04-15 15:25:04) <-- (architecture and entity definition)
56       work.pll125to100x50_uniq_0.structure may have changed because the following files changed:
                        C:\Users\cypri\Documents\GIT\PGE\11_FPGA_GENERATION\GenVideo\Diamond1.4\A\reveal_workspace\tmpreveal\Top_rvl_top.vhd (2021-04-15 15:13:06, 2021-04-15 15:25:04) <-- (architecture and entity definition)
58       work.pll125to159.structure may have changed because the following files changed:
                        C:\Users\cypri\Documents\GIT\PGE\11_FPGA_GENERATION\GenVideo\Diamond1.4\A\reveal_workspace\tmpreveal\Top_rvl_top.vhd (2021-04-15 15:13:06, 2021-04-15 15:25:04) <-- (architecture and entity definition)
60       work.pll125to159_uniq_0.structure may have changed because the following files changed:
                        C:\Users\cypri\Documents\GIT\PGE\11_FPGA_GENERATION\GenVideo\Diamond1.4\A\reveal_workspace\tmpreveal\Top_rvl_top.vhd (2021-04-15 15:13:06, 2021-04-15 15:25:04) <-- (architecture and entity definition)
148      work.pllclkto120.structure may have changed because the following files changed:
                        C:\Users\cypri\Documents\GIT\PGE\11_FPGA_GENERATION\GenVideo\Diamond1.4\A\reveal_workspace\tmpreveal\Top_rvl_top.vhd (2021-04-15 15:13:06, 2021-04-15 15:25:04) <-- (architecture and entity definition)
150      work.pllclkto120_uniq_0.structure may have changed because the following files changed:
                        C:\Users\cypri\Documents\GIT\PGE\11_FPGA_GENERATION\GenVideo\Diamond1.4\A\reveal_workspace\tmpreveal\Top_rvl_top.vhd (2021-04-15 15:13:06, 2021-04-15 15:25:04) <-- (architecture and entity definition)
152      work.pllclkto140.structure may have changed because the following files changed:
                        C:\Users\cypri\Documents\GIT\PGE\11_FPGA_GENERATION\GenVideo\Diamond1.4\A\reveal_workspace\tmpreveal\Top_rvl_top.vhd (2021-04-15 15:13:06, 2021-04-15 15:25:04) <-- (architecture and entity definition)
154      work.pllclkto140_uniq_0.structure may have changed because the following files changed:
                        C:\Users\cypri\Documents\GIT\PGE\11_FPGA_GENERATION\GenVideo\Diamond1.4\A\reveal_workspace\tmpreveal\Top_rvl_top.vhd (2021-04-15 15:13:06, 2021-04-15 15:25:04) <-- (architecture and entity definition)
128      work.pllclkto25.structure may have changed because the following files changed:
                        C:\Users\cypri\Documents\GIT\PGE\11_FPGA_GENERATION\GenVideo\Diamond1.4\A\reveal_workspace\tmpreveal\Top_rvl_top.vhd (2021-04-15 15:13:06, 2021-04-15 15:25:04) <-- (architecture and entity definition)
130      work.pllclkto25_uniq_0.structure may have changed because the following files changed:
                        C:\Users\cypri\Documents\GIT\PGE\11_FPGA_GENERATION\GenVideo\Diamond1.4\A\reveal_workspace\tmpreveal\Top_rvl_top.vhd (2021-04-15 15:13:06, 2021-04-15 15:25:04) <-- (architecture and entity definition)
156      work.pllclkto34.structure may have changed because the following files changed:
                        C:\Users\cypri\Documents\GIT\PGE\11_FPGA_GENERATION\GenVideo\Diamond1.4\A\reveal_workspace\tmpreveal\Top_rvl_top.vhd (2021-04-15 15:13:06, 2021-04-15 15:25:04) <-- (architecture and entity definition)
158      work.pllclkto80.structure may have changed because the following files changed:
                        C:\Users\cypri\Documents\GIT\PGE\11_FPGA_GENERATION\GenVideo\Diamond1.4\A\reveal_workspace\tmpreveal\Top_rvl_top.vhd (2021-04-15 15:13:06, 2021-04-15 15:25:04) <-- (architecture and entity definition)
160      work.pllclkto80_uniq_0.structure may have changed because the following files changed:
                        C:\Users\cypri\Documents\GIT\PGE\11_FPGA_GENERATION\GenVideo\Diamond1.4\A\reveal_workspace\tmpreveal\Top_rvl_top.vhd (2021-04-15 15:13:06, 2021-04-15 15:25:04) <-- (architecture and entity definition)
162      work.pllclkto80_uniq_1.structure may have changed because the following files changed:
                        C:\Users\cypri\Documents\GIT\PGE\11_FPGA_GENERATION\GenVideo\Diamond1.4\A\reveal_workspace\tmpreveal\Top_rvl_top.vhd (2021-04-15 15:13:06, 2021-04-15 15:25:04) <-- (architecture and entity definition)
62       work.pmi_add.verilog may have changed because the following files changed:
                        C:\Users\cypri\Documents\GIT\PGE\11_FPGA_GENERATION\GenVideo\Diamond1.4\A\reveal_workspace\tmpreveal\Top_rvl_top.vhd (2021-04-15 15:13:06, 2021-04-15 15:25:04) <-- (may instantiate this module)
                        C:\Users\cypri\Documents\GIT\PGE\11_FPGA_GENERATION\GenVideo\Diamond1.4\A\reveal_workspace\tmpreveal\top_la0_gen.v (2021-04-15 15:13:06, 2021-04-15 15:25:04) <-- (may instantiate this module)
                        C:\Users\cypri\Documents\GIT\PGE\11_FPGA_GENERATION\GenVideo\Diamond1.4\A\reveal_workspace\tmpreveal\top_la0_trig_gen.v (2021-04-15 15:13:06, 2021-04-15 15:25:04) <-- (may instantiate this module)
63       work.pmi_addsub.verilog may have changed because the following files changed:
                        C:\Users\cypri\Documents\GIT\PGE\11_FPGA_GENERATION\GenVideo\Diamond1.4\A\reveal_workspace\tmpreveal\Top_rvl_top.vhd (2021-04-15 15:13:06, 2021-04-15 15:25:04) <-- (may instantiate this module)
                        C:\Users\cypri\Documents\GIT\PGE\11_FPGA_GENERATION\GenVideo\Diamond1.4\A\reveal_workspace\tmpreveal\top_la0_gen.v (2021-04-15 15:13:06, 2021-04-15 15:25:04) <-- (may instantiate this module)
                        C:\Users\cypri\Documents\GIT\PGE\11_FPGA_GENERATION\GenVideo\Diamond1.4\A\reveal_workspace\tmpreveal\top_la0_trig_gen.v (2021-04-15 15:13:06, 2021-04-15 15:25:04) <-- (may instantiate this module)
64       work.pmi_complex_mult.verilog may have changed because the following files changed:
                        C:\Users\cypri\Documents\GIT\PGE\11_FPGA_GENERATION\GenVideo\Diamond1.4\A\reveal_workspace\tmpreveal\Top_rvl_top.vhd (2021-04-15 15:13:06, 2021-04-15 15:25:04) <-- (may instantiate this module)
                        C:\Users\cypri\Documents\GIT\PGE\11_FPGA_GENERATION\GenVideo\Diamond1.4\A\reveal_workspace\tmpreveal\top_la0_gen.v (2021-04-15 15:13:06, 2021-04-15 15:25:04) <-- (may instantiate this module)
                        C:\Users\cypri\Documents\GIT\PGE\11_FPGA_GENERATION\GenVideo\Diamond1.4\A\reveal_workspace\tmpreveal\top_la0_trig_gen.v (2021-04-15 15:13:06, 2021-04-15 15:25:04) <-- (may instantiate this module)
65       work.pmi_constant_mult.verilog may have changed because the following files changed:
                        C:\Users\cypri\Documents\GIT\PGE\11_FPGA_GENERATION\GenVideo\Diamond1.4\A\reveal_workspace\tmpreveal\Top_rvl_top.vhd (2021-04-15 15:13:06, 2021-04-15 15:25:04) <-- (may instantiate this module)
                        C:\Users\cypri\Documents\GIT\PGE\11_FPGA_GENERATION\GenVideo\Diamond1.4\A\reveal_workspace\tmpreveal\top_la0_gen.v (2021-04-15 15:13:06, 2021-04-15 15:25:04) <-- (may instantiate this module)
                        C:\Users\cypri\Documents\GIT\PGE\11_FPGA_GENERATION\GenVideo\Diamond1.4\A\reveal_workspace\tmpreveal\top_la0_trig_gen.v (2021-04-15 15:13:06, 2021-04-15 15:25:04) <-- (may instantiate this module)
66       work.pmi_counter.verilog may have changed because the following files changed:
                        C:\Users\cypri\Documents\GIT\PGE\11_FPGA_GENERATION\GenVideo\Diamond1.4\A\reveal_workspace\tmpreveal\Top_rvl_top.vhd (2021-04-15 15:13:06, 2021-04-15 15:25:04) <-- (may instantiate this module)
                        C:\Users\cypri\Documents\GIT\PGE\11_FPGA_GENERATION\GenVideo\Diamond1.4\A\reveal_workspace\tmpreveal\top_la0_gen.v (2021-04-15 15:13:06, 2021-04-15 15:25:04) <-- (may instantiate this module)
                        C:\Users\cypri\Documents\GIT\PGE\11_FPGA_GENERATION\GenVideo\Diamond1.4\A\reveal_workspace\tmpreveal\top_la0_trig_gen.v (2021-04-15 15:13:06, 2021-04-15 15:25:04) <-- (may instantiate this module)
67       work.pmi_distributed_dpram.verilog may have changed because the following files changed:
                        C:\Users\cypri\Documents\GIT\PGE\11_FPGA_GENERATION\GenVideo\Diamond1.4\A\reveal_workspace\tmpreveal\Top_rvl_top.vhd (2021-04-15 15:13:06, 2021-04-15 15:25:04) <-- (may instantiate this module)
                        C:\Users\cypri\Documents\GIT\PGE\11_FPGA_GENERATION\GenVideo\Diamond1.4\A\reveal_workspace\tmpreveal\top_la0_gen.v (2021-04-15 15:13:06, 2021-04-15 15:25:04) <-- (may instantiate this module)
                        C:\Users\cypri\Documents\GIT\PGE\11_FPGA_GENERATION\GenVideo\Diamond1.4\A\reveal_workspace\tmpreveal\top_la0_trig_gen.v (2021-04-15 15:13:06, 2021-04-15 15:25:04) <-- (may instantiate this module)
68       work.pmi_distributed_rom.verilog may have changed because the following files changed:
                        C:\Users\cypri\Documents\GIT\PGE\11_FPGA_GENERATION\GenVideo\Diamond1.4\A\reveal_workspace\tmpreveal\Top_rvl_top.vhd (2021-04-15 15:13:06, 2021-04-15 15:25:04) <-- (may instantiate this module)
                        C:\Users\cypri\Documents\GIT\PGE\11_FPGA_GENERATION\GenVideo\Diamond1.4\A\reveal_workspace\tmpreveal\top_la0_gen.v (2021-04-15 15:13:06, 2021-04-15 15:25:04) <-- (may instantiate this module)
                        C:\Users\cypri\Documents\GIT\PGE\11_FPGA_GENERATION\GenVideo\Diamond1.4\A\reveal_workspace\tmpreveal\top_la0_trig_gen.v (2021-04-15 15:13:06, 2021-04-15 15:25:04) <-- (may instantiate this module)
69       work.pmi_distributed_shift_reg.verilog may have changed because the following files changed:
                        C:\Users\cypri\Documents\GIT\PGE\11_FPGA_GENERATION\GenVideo\Diamond1.4\A\reveal_workspace\tmpreveal\Top_rvl_top.vhd (2021-04-15 15:13:06, 2021-04-15 15:25:04) <-- (may instantiate this module)
                        C:\Users\cypri\Documents\GIT\PGE\11_FPGA_GENERATION\GenVideo\Diamond1.4\A\reveal_workspace\tmpreveal\top_la0_gen.v (2021-04-15 15:13:06, 2021-04-15 15:25:04) <-- (may instantiate this module)
                        C:\Users\cypri\Documents\GIT\PGE\11_FPGA_GENERATION\GenVideo\Diamond1.4\A\reveal_workspace\tmpreveal\top_la0_trig_gen.v (2021-04-15 15:13:06, 2021-04-15 15:25:04) <-- (may instantiate this module)
70       work.pmi_distributed_spram.verilog may have changed because the following files changed:
                        C:\Users\cypri\Documents\GIT\PGE\11_FPGA_GENERATION\GenVideo\Diamond1.4\A\reveal_workspace\tmpreveal\Top_rvl_top.vhd (2021-04-15 15:13:06, 2021-04-15 15:25:04) <-- (may instantiate this module)
                        C:\Users\cypri\Documents\GIT\PGE\11_FPGA_GENERATION\GenVideo\Diamond1.4\A\reveal_workspace\tmpreveal\top_la0_gen.v (2021-04-15 15:13:06, 2021-04-15 15:25:04) <-- (may instantiate this module)
                        C:\Users\cypri\Documents\GIT\PGE\11_FPGA_GENERATION\GenVideo\Diamond1.4\A\reveal_workspace\tmpreveal\top_la0_trig_gen.v (2021-04-15 15:13:06, 2021-04-15 15:25:04) <-- (may instantiate this module)
71       work.pmi_dsp_casmultaddsub.verilog may have changed because the following files changed:
                        C:\Users\cypri\Documents\GIT\PGE\11_FPGA_GENERATION\GenVideo\Diamond1.4\A\reveal_workspace\tmpreveal\Top_rvl_top.vhd (2021-04-15 15:13:06, 2021-04-15 15:25:04) <-- (may instantiate this module)
                        C:\Users\cypri\Documents\GIT\PGE\11_FPGA_GENERATION\GenVideo\Diamond1.4\A\reveal_workspace\tmpreveal\top_la0_gen.v (2021-04-15 15:13:06, 2021-04-15 15:25:04) <-- (may instantiate this module)
                        C:\Users\cypri\Documents\GIT\PGE\11_FPGA_GENERATION\GenVideo\Diamond1.4\A\reveal_workspace\tmpreveal\top_la0_trig_gen.v (2021-04-15 15:13:06, 2021-04-15 15:25:04) <-- (may instantiate this module)
72       work.pmi_dsp_mac.verilog may have changed because the following files changed:
                        C:\Users\cypri\Documents\GIT\PGE\11_FPGA_GENERATION\GenVideo\Diamond1.4\A\reveal_workspace\tmpreveal\Top_rvl_top.vhd (2021-04-15 15:13:06, 2021-04-15 15:25:04) <-- (may instantiate this module)
                        C:\Users\cypri\Documents\GIT\PGE\11_FPGA_GENERATION\GenVideo\Diamond1.4\A\reveal_workspace\tmpreveal\top_la0_gen.v (2021-04-15 15:13:06, 2021-04-15 15:25:04) <-- (may instantiate this module)
                        C:\Users\cypri\Documents\GIT\PGE\11_FPGA_GENERATION\GenVideo\Diamond1.4\A\reveal_workspace\tmpreveal\top_la0_trig_gen.v (2021-04-15 15:13:06, 2021-04-15 15:25:04) <-- (may instantiate this module)
73       work.pmi_dsp_mult.verilog may have changed because the following files changed:
                        C:\Users\cypri\Documents\GIT\PGE\11_FPGA_GENERATION\GenVideo\Diamond1.4\A\reveal_workspace\tmpreveal\Top_rvl_top.vhd (2021-04-15 15:13:06, 2021-04-15 15:25:04) <-- (may instantiate this module)
                        C:\Users\cypri\Documents\GIT\PGE\11_FPGA_GENERATION\GenVideo\Diamond1.4\A\reveal_workspace\tmpreveal\top_la0_gen.v (2021-04-15 15:13:06, 2021-04-15 15:25:04) <-- (may instantiate this module)
                        C:\Users\cypri\Documents\GIT\PGE\11_FPGA_GENERATION\GenVideo\Diamond1.4\A\reveal_workspace\tmpreveal\top_la0_trig_gen.v (2021-04-15 15:13:06, 2021-04-15 15:25:04) <-- (may instantiate this module)
74       work.pmi_dsp_multaddsub.verilog may have changed because the following files changed:
                        C:\Users\cypri\Documents\GIT\PGE\11_FPGA_GENERATION\GenVideo\Diamond1.4\A\reveal_workspace\tmpreveal\Top_rvl_top.vhd (2021-04-15 15:13:06, 2021-04-15 15:25:04) <-- (may instantiate this module)
                        C:\Users\cypri\Documents\GIT\PGE\11_FPGA_GENERATION\GenVideo\Diamond1.4\A\reveal_workspace\tmpreveal\top_la0_gen.v (2021-04-15 15:13:06, 2021-04-15 15:25:04) <-- (may instantiate this module)
                        C:\Users\cypri\Documents\GIT\PGE\11_FPGA_GENERATION\GenVideo\Diamond1.4\A\reveal_workspace\tmpreveal\top_la0_trig_gen.v (2021-04-15 15:13:06, 2021-04-15 15:25:04) <-- (may instantiate this module)
75       work.pmi_dsp_multaddsubsum.verilog may have changed because the following files changed:
                        C:\Users\cypri\Documents\GIT\PGE\11_FPGA_GENERATION\GenVideo\Diamond1.4\A\reveal_workspace\tmpreveal\Top_rvl_top.vhd (2021-04-15 15:13:06, 2021-04-15 15:25:04) <-- (may instantiate this module)
                        C:\Users\cypri\Documents\GIT\PGE\11_FPGA_GENERATION\GenVideo\Diamond1.4\A\reveal_workspace\tmpreveal\top_la0_gen.v (2021-04-15 15:13:06, 2021-04-15 15:25:04) <-- (may instantiate this module)
                        C:\Users\cypri\Documents\GIT\PGE\11_FPGA_GENERATION\GenVideo\Diamond1.4\A\reveal_workspace\tmpreveal\top_la0_trig_gen.v (2021-04-15 15:13:06, 2021-04-15 15:25:04) <-- (may instantiate this module)
76       work.pmi_dsp_preadd_slice.verilog may have changed because the following files changed:
                        C:\Users\cypri\Documents\GIT\PGE\11_FPGA_GENERATION\GenVideo\Diamond1.4\A\reveal_workspace\tmpreveal\Top_rvl_top.vhd (2021-04-15 15:13:06, 2021-04-15 15:25:04) <-- (may instantiate this module)
                        C:\Users\cypri\Documents\GIT\PGE\11_FPGA_GENERATION\GenVideo\Diamond1.4\A\reveal_workspace\tmpreveal\top_la0_gen.v (2021-04-15 15:13:06, 2021-04-15 15:25:04) <-- (may instantiate this module)
                        C:\Users\cypri\Documents\GIT\PGE\11_FPGA_GENERATION\GenVideo\Diamond1.4\A\reveal_workspace\tmpreveal\top_la0_trig_gen.v (2021-04-15 15:13:06, 2021-04-15 15:25:04) <-- (may instantiate this module)
77       work.pmi_fifo.verilog may have changed because the following files changed:
                        C:\Users\cypri\Documents\GIT\PGE\11_FPGA_GENERATION\GenVideo\Diamond1.4\A\reveal_workspace\tmpreveal\Top_rvl_top.vhd (2021-04-15 15:13:06, 2021-04-15 15:25:04) <-- (may instantiate this module)
                        C:\Users\cypri\Documents\GIT\PGE\11_FPGA_GENERATION\GenVideo\Diamond1.4\A\reveal_workspace\tmpreveal\top_la0_gen.v (2021-04-15 15:13:06, 2021-04-15 15:25:04) <-- (may instantiate this module)
                        C:\Users\cypri\Documents\GIT\PGE\11_FPGA_GENERATION\GenVideo\Diamond1.4\A\reveal_workspace\tmpreveal\top_la0_trig_gen.v (2021-04-15 15:13:06, 2021-04-15 15:25:04) <-- (may instantiate this module)
78       work.pmi_fifo_dc.verilog may have changed because the following files changed:
                        C:\Users\cypri\Documents\GIT\PGE\11_FPGA_GENERATION\GenVideo\Diamond1.4\A\reveal_workspace\tmpreveal\Top_rvl_top.vhd (2021-04-15 15:13:06, 2021-04-15 15:25:04) <-- (may instantiate this module)
                        C:\Users\cypri\Documents\GIT\PGE\11_FPGA_GENERATION\GenVideo\Diamond1.4\A\reveal_workspace\tmpreveal\top_la0_gen.v (2021-04-15 15:13:06, 2021-04-15 15:25:04) <-- (may instantiate this module)
                        C:\Users\cypri\Documents\GIT\PGE\11_FPGA_GENERATION\GenVideo\Diamond1.4\A\reveal_workspace\tmpreveal\top_la0_trig_gen.v (2021-04-15 15:13:06, 2021-04-15 15:25:04) <-- (may instantiate this module)
79       work.pmi_mac.verilog may have changed because the following files changed:
                        C:\Users\cypri\Documents\GIT\PGE\11_FPGA_GENERATION\GenVideo\Diamond1.4\A\reveal_workspace\tmpreveal\Top_rvl_top.vhd (2021-04-15 15:13:06, 2021-04-15 15:25:04) <-- (may instantiate this module)
                        C:\Users\cypri\Documents\GIT\PGE\11_FPGA_GENERATION\GenVideo\Diamond1.4\A\reveal_workspace\tmpreveal\top_la0_gen.v (2021-04-15 15:13:06, 2021-04-15 15:25:04) <-- (may instantiate this module)
                        C:\Users\cypri\Documents\GIT\PGE\11_FPGA_GENERATION\GenVideo\Diamond1.4\A\reveal_workspace\tmpreveal\top_la0_trig_gen.v (2021-04-15 15:13:06, 2021-04-15 15:25:04) <-- (may instantiate this module)
80       work.pmi_mult.verilog may have changed because the following files changed:
                        C:\Users\cypri\Documents\GIT\PGE\11_FPGA_GENERATION\GenVideo\Diamond1.4\A\reveal_workspace\tmpreveal\Top_rvl_top.vhd (2021-04-15 15:13:06, 2021-04-15 15:25:04) <-- (may instantiate this module)
                        C:\Users\cypri\Documents\GIT\PGE\11_FPGA_GENERATION\GenVideo\Diamond1.4\A\reveal_workspace\tmpreveal\top_la0_gen.v (2021-04-15 15:13:06, 2021-04-15 15:25:04) <-- (may instantiate this module)
                        C:\Users\cypri\Documents\GIT\PGE\11_FPGA_GENERATION\GenVideo\Diamond1.4\A\reveal_workspace\tmpreveal\top_la0_trig_gen.v (2021-04-15 15:13:06, 2021-04-15 15:25:04) <-- (may instantiate this module)
81       work.pmi_multaddsub.verilog may have changed because the following files changed:
                        C:\Users\cypri\Documents\GIT\PGE\11_FPGA_GENERATION\GenVideo\Diamond1.4\A\reveal_workspace\tmpreveal\Top_rvl_top.vhd (2021-04-15 15:13:06, 2021-04-15 15:25:04) <-- (may instantiate this module)
                        C:\Users\cypri\Documents\GIT\PGE\11_FPGA_GENERATION\GenVideo\Diamond1.4\A\reveal_workspace\tmpreveal\top_la0_gen.v (2021-04-15 15:13:06, 2021-04-15 15:25:04) <-- (may instantiate this module)
                        C:\Users\cypri\Documents\GIT\PGE\11_FPGA_GENERATION\GenVideo\Diamond1.4\A\reveal_workspace\tmpreveal\top_la0_trig_gen.v (2021-04-15 15:13:06, 2021-04-15 15:25:04) <-- (may instantiate this module)
82       work.pmi_multaddsubsum.verilog may have changed because the following files changed:
                        C:\Users\cypri\Documents\GIT\PGE\11_FPGA_GENERATION\GenVideo\Diamond1.4\A\reveal_workspace\tmpreveal\Top_rvl_top.vhd (2021-04-15 15:13:06, 2021-04-15 15:25:04) <-- (may instantiate this module)
                        C:\Users\cypri\Documents\GIT\PGE\11_FPGA_GENERATION\GenVideo\Diamond1.4\A\reveal_workspace\tmpreveal\top_la0_gen.v (2021-04-15 15:13:06, 2021-04-15 15:25:04) <-- (may instantiate this module)
                        C:\Users\cypri\Documents\GIT\PGE\11_FPGA_GENERATION\GenVideo\Diamond1.4\A\reveal_workspace\tmpreveal\top_la0_trig_gen.v (2021-04-15 15:13:06, 2021-04-15 15:25:04) <-- (may instantiate this module)
83       work.pmi_pll.verilog may have changed because the following files changed:
                        C:\Users\cypri\Documents\GIT\PGE\11_FPGA_GENERATION\GenVideo\Diamond1.4\A\reveal_workspace\tmpreveal\Top_rvl_top.vhd (2021-04-15 15:13:06, 2021-04-15 15:25:04) <-- (may instantiate this module)
                        C:\Users\cypri\Documents\GIT\PGE\11_FPGA_GENERATION\GenVideo\Diamond1.4\A\reveal_workspace\tmpreveal\top_la0_gen.v (2021-04-15 15:13:06, 2021-04-15 15:25:04) <-- (may instantiate this module)
                        C:\Users\cypri\Documents\GIT\PGE\11_FPGA_GENERATION\GenVideo\Diamond1.4\A\reveal_workspace\tmpreveal\top_la0_trig_gen.v (2021-04-15 15:13:06, 2021-04-15 15:25:04) <-- (may instantiate this module)
84       work.pmi_pll_fp.verilog may have changed because the following files changed:
                        C:\Users\cypri\Documents\GIT\PGE\11_FPGA_GENERATION\GenVideo\Diamond1.4\A\reveal_workspace\tmpreveal\Top_rvl_top.vhd (2021-04-15 15:13:06, 2021-04-15 15:25:04) <-- (may instantiate this module)
                        C:\Users\cypri\Documents\GIT\PGE\11_FPGA_GENERATION\GenVideo\Diamond1.4\A\reveal_workspace\tmpreveal\top_la0_gen.v (2021-04-15 15:13:06, 2021-04-15 15:25:04) <-- (may instantiate this module)
                        C:\Users\cypri\Documents\GIT\PGE\11_FPGA_GENERATION\GenVideo\Diamond1.4\A\reveal_workspace\tmpreveal\top_la0_trig_gen.v (2021-04-15 15:13:06, 2021-04-15 15:25:04) <-- (may instantiate this module)
85       work.pmi_ram_dp.verilog may have changed because the following files changed:
                        C:\Users\cypri\Documents\GIT\PGE\11_FPGA_GENERATION\GenVideo\Diamond1.4\A\reveal_workspace\tmpreveal\Top_rvl_top.vhd (2021-04-15 15:13:06, 2021-04-15 15:25:04) <-- (may instantiate this module)
                        C:\Users\cypri\Documents\GIT\PGE\11_FPGA_GENERATION\GenVideo\Diamond1.4\A\reveal_workspace\tmpreveal\top_la0_gen.v (2021-04-15 15:13:06, 2021-04-15 15:25:04) <-- (may instantiate this module)
                        C:\Users\cypri\Documents\GIT\PGE\11_FPGA_GENERATION\GenVideo\Diamond1.4\A\reveal_workspace\tmpreveal\top_la0_trig_gen.v (2021-04-15 15:13:06, 2021-04-15 15:25:04) <-- (may instantiate this module)
86       work.pmi_ram_dp_be.verilog may have changed because the following files changed:
                        C:\Users\cypri\Documents\GIT\PGE\11_FPGA_GENERATION\GenVideo\Diamond1.4\A\reveal_workspace\tmpreveal\Top_rvl_top.vhd (2021-04-15 15:13:06, 2021-04-15 15:25:04) <-- (may instantiate this module)
                        C:\Users\cypri\Documents\GIT\PGE\11_FPGA_GENERATION\GenVideo\Diamond1.4\A\reveal_workspace\tmpreveal\top_la0_gen.v (2021-04-15 15:13:06, 2021-04-15 15:25:04) <-- (may instantiate this module)
                        C:\Users\cypri\Documents\GIT\PGE\11_FPGA_GENERATION\GenVideo\Diamond1.4\A\reveal_workspace\tmpreveal\top_la0_trig_gen.v (2021-04-15 15:13:06, 2021-04-15 15:25:04) <-- (may instantiate this module)
87       work.pmi_ram_dp_true.verilog may have changed because the following files changed:
                        C:\Users\cypri\Documents\GIT\PGE\11_FPGA_GENERATION\GenVideo\Diamond1.4\A\reveal_workspace\tmpreveal\Top_rvl_top.vhd (2021-04-15 15:13:06, 2021-04-15 15:25:04) <-- (may instantiate this module)
                        C:\Users\cypri\Documents\GIT\PGE\11_FPGA_GENERATION\GenVideo\Diamond1.4\A\reveal_workspace\tmpreveal\top_la0_gen.v (2021-04-15 15:13:06, 2021-04-15 15:25:04) <-- (may instantiate this module)
                        C:\Users\cypri\Documents\GIT\PGE\11_FPGA_GENERATION\GenVideo\Diamond1.4\A\reveal_workspace\tmpreveal\top_la0_trig_gen.v (2021-04-15 15:13:06, 2021-04-15 15:25:04) <-- (may instantiate this module)
88       work.pmi_ram_dp_true_be.verilog may have changed because the following files changed:
                        C:\Users\cypri\Documents\GIT\PGE\11_FPGA_GENERATION\GenVideo\Diamond1.4\A\reveal_workspace\tmpreveal\Top_rvl_top.vhd (2021-04-15 15:13:06, 2021-04-15 15:25:04) <-- (may instantiate this module)
                        C:\Users\cypri\Documents\GIT\PGE\11_FPGA_GENERATION\GenVideo\Diamond1.4\A\reveal_workspace\tmpreveal\top_la0_gen.v (2021-04-15 15:13:06, 2021-04-15 15:25:04) <-- (may instantiate this module)
                        C:\Users\cypri\Documents\GIT\PGE\11_FPGA_GENERATION\GenVideo\Diamond1.4\A\reveal_workspace\tmpreveal\top_la0_trig_gen.v (2021-04-15 15:13:06, 2021-04-15 15:25:04) <-- (may instantiate this module)
89       work.pmi_ram_dq.verilog may have changed because the following files changed:
                        C:\Users\cypri\Documents\GIT\PGE\11_FPGA_GENERATION\GenVideo\Diamond1.4\A\reveal_workspace\tmpreveal\Top_rvl_top.vhd (2021-04-15 15:13:06, 2021-04-15 15:25:04) <-- (may instantiate this module)
                        C:\Users\cypri\Documents\GIT\PGE\11_FPGA_GENERATION\GenVideo\Diamond1.4\A\reveal_workspace\tmpreveal\top_la0_gen.v (2021-04-15 15:13:06, 2021-04-15 15:25:04) <-- (may instantiate this module)
                        C:\Users\cypri\Documents\GIT\PGE\11_FPGA_GENERATION\GenVideo\Diamond1.4\A\reveal_workspace\tmpreveal\top_la0_trig_gen.v (2021-04-15 15:13:06, 2021-04-15 15:25:04) <-- (may instantiate this module)
90       work.pmi_ram_dq_be.verilog may have changed because the following files changed:
                        C:\Users\cypri\Documents\GIT\PGE\11_FPGA_GENERATION\GenVideo\Diamond1.4\A\reveal_workspace\tmpreveal\Top_rvl_top.vhd (2021-04-15 15:13:06, 2021-04-15 15:25:04) <-- (may instantiate this module)
                        C:\Users\cypri\Documents\GIT\PGE\11_FPGA_GENERATION\GenVideo\Diamond1.4\A\reveal_workspace\tmpreveal\top_la0_gen.v (2021-04-15 15:13:06, 2021-04-15 15:25:04) <-- (may instantiate this module)
                        C:\Users\cypri\Documents\GIT\PGE\11_FPGA_GENERATION\GenVideo\Diamond1.4\A\reveal_workspace\tmpreveal\top_la0_trig_gen.v (2021-04-15 15:13:06, 2021-04-15 15:25:04) <-- (may instantiate this module)
91       work.pmi_rom.verilog may have changed because the following files changed:
                        C:\Users\cypri\Documents\GIT\PGE\11_FPGA_GENERATION\GenVideo\Diamond1.4\A\reveal_workspace\tmpreveal\Top_rvl_top.vhd (2021-04-15 15:13:06, 2021-04-15 15:25:04) <-- (may instantiate this module)
                        C:\Users\cypri\Documents\GIT\PGE\11_FPGA_GENERATION\GenVideo\Diamond1.4\A\reveal_workspace\tmpreveal\top_la0_gen.v (2021-04-15 15:13:06, 2021-04-15 15:25:04) <-- (may instantiate this module)
                        C:\Users\cypri\Documents\GIT\PGE\11_FPGA_GENERATION\GenVideo\Diamond1.4\A\reveal_workspace\tmpreveal\top_la0_trig_gen.v (2021-04-15 15:13:06, 2021-04-15 15:25:04) <-- (may instantiate this module)
92       work.pmi_sub.verilog may have changed because the following files changed:
                        C:\Users\cypri\Documents\GIT\PGE\11_FPGA_GENERATION\GenVideo\Diamond1.4\A\reveal_workspace\tmpreveal\Top_rvl_top.vhd (2021-04-15 15:13:06, 2021-04-15 15:25:04) <-- (may instantiate this module)
                        C:\Users\cypri\Documents\GIT\PGE\11_FPGA_GENERATION\GenVideo\Diamond1.4\A\reveal_workspace\tmpreveal\top_la0_gen.v (2021-04-15 15:13:06, 2021-04-15 15:25:04) <-- (may instantiate this module)
                        C:\Users\cypri\Documents\GIT\PGE\11_FPGA_GENERATION\GenVideo\Diamond1.4\A\reveal_workspace\tmpreveal\top_la0_trig_gen.v (2021-04-15 15:13:06, 2021-04-15 15:25:04) <-- (may instantiate this module)
93       work.reveal_coretop.one may have changed because the following files changed:
                        C:\Users\cypri\Documents\GIT\PGE\11_FPGA_GENERATION\GenVideo\Diamond1.4\A\reveal_workspace\tmpreveal\Top_rvl_top.vhd (2021-04-15 15:13:06, 2021-04-15 15:25:04) <-- (architecture and entity definition)
95       work.rvl_decode.verilog may have changed because the following files changed:
                        C:\Users\cypri\Documents\GIT\PGE\11_FPGA_GENERATION\GenVideo\Diamond1.4\A\reveal_workspace\tmpreveal\Top_rvl_top.vhd (2021-04-15 15:13:06, 2021-04-15 15:25:04) <-- (may instantiate this module)
                        C:\Users\cypri\Documents\GIT\PGE\11_FPGA_GENERATION\GenVideo\Diamond1.4\A\reveal_workspace\tmpreveal\top_la0_gen.v (2021-04-15 15:13:06, 2021-04-15 15:25:04) <-- (may instantiate this module)
                        C:\Users\cypri\Documents\GIT\PGE\11_FPGA_GENERATION\GenVideo\Diamond1.4\A\reveal_workspace\tmpreveal\top_la0_trig_gen.v (2021-04-15 15:13:06, 2021-04-15 15:25:04) <-- (may instantiate this module)
98       work.rvl_jtag_int.verilog may have changed because the following files changed:
                        C:\Users\cypri\Documents\GIT\PGE\11_FPGA_GENERATION\GenVideo\Diamond1.4\A\reveal_workspace\tmpreveal\Top_rvl_top.vhd (2021-04-15 15:13:06, 2021-04-15 15:25:04) <-- (may instantiate this module)
                        C:\Users\cypri\Documents\GIT\PGE\11_FPGA_GENERATION\GenVideo\Diamond1.4\A\reveal_workspace\tmpreveal\top_la0_gen.v (2021-04-15 15:13:06, 2021-04-15 15:25:04) <-- (may instantiate this module)
                        C:\Users\cypri\Documents\GIT\PGE\11_FPGA_GENERATION\GenVideo\Diamond1.4\A\reveal_workspace\tmpreveal\top_la0_trig_gen.v (2021-04-15 15:13:06, 2021-04-15 15:25:04) <-- (may instantiate this module)
99       work.rvl_serial_tu.verilog may have changed because the following files changed:
                        C:\Users\cypri\Documents\GIT\PGE\11_FPGA_GENERATION\GenVideo\Diamond1.4\A\reveal_workspace\tmpreveal\Top_rvl_top.vhd (2021-04-15 15:13:06, 2021-04-15 15:25:04) <-- (may instantiate this module)
                        C:\Users\cypri\Documents\GIT\PGE\11_FPGA_GENERATION\GenVideo\Diamond1.4\A\reveal_workspace\tmpreveal\top_la0_gen.v (2021-04-15 15:13:06, 2021-04-15 15:25:04) <-- (may instantiate this module)
                        C:\Users\cypri\Documents\GIT\PGE\11_FPGA_GENERATION\GenVideo\Diamond1.4\A\reveal_workspace\tmpreveal\top_la0_trig_gen.v (2021-04-15 15:13:06, 2021-04-15 15:25:04) <-- (may instantiate this module)
100      work.rvl_tcnt.verilog may have changed because the following files changed:
                        C:\Users\cypri\Documents\GIT\PGE\11_FPGA_GENERATION\GenVideo\Diamond1.4\A\reveal_workspace\tmpreveal\Top_rvl_top.vhd (2021-04-15 15:13:06, 2021-04-15 15:25:04) <-- (may instantiate this module)
                        C:\Users\cypri\Documents\GIT\PGE\11_FPGA_GENERATION\GenVideo\Diamond1.4\A\reveal_workspace\tmpreveal\top_la0_gen.v (2021-04-15 15:13:06, 2021-04-15 15:25:04) <-- (may instantiate this module)
                        C:\Users\cypri\Documents\GIT\PGE\11_FPGA_GENERATION\GenVideo\Diamond1.4\A\reveal_workspace\tmpreveal\top_la0_trig_gen.v (2021-04-15 15:13:06, 2021-04-15 15:25:04) <-- (may instantiate this module)
101      work.rvl_te.verilog may have changed because the following files changed:
                        C:\Users\cypri\Documents\GIT\PGE\11_FPGA_GENERATION\GenVideo\Diamond1.4\A\reveal_workspace\tmpreveal\Top_rvl_top.vhd (2021-04-15 15:13:06, 2021-04-15 15:25:04) <-- (may instantiate this module)
                        C:\Users\cypri\Documents\GIT\PGE\11_FPGA_GENERATION\GenVideo\Diamond1.4\A\reveal_workspace\tmpreveal\top_la0_gen.v (2021-04-15 15:13:06, 2021-04-15 15:25:04) <-- (may instantiate this module)
                        C:\Users\cypri\Documents\GIT\PGE\11_FPGA_GENERATION\GenVideo\Diamond1.4\A\reveal_workspace\tmpreveal\top_la0_trig_gen.v (2021-04-15 15:13:06, 2021-04-15 15:25:04) <-- (may instantiate this module)
102      work.rvl_tm.verilog may have changed because the following files changed:
                        C:\Users\cypri\Documents\GIT\PGE\11_FPGA_GENERATION\GenVideo\Diamond1.4\A\reveal_workspace\tmpreveal\Top_rvl_top.vhd (2021-04-15 15:13:06, 2021-04-15 15:25:04) <-- (may instantiate this module)
                        C:\Users\cypri\Documents\GIT\PGE\11_FPGA_GENERATION\GenVideo\Diamond1.4\A\reveal_workspace\tmpreveal\top_la0_gen.v (2021-04-15 15:13:06, 2021-04-15 15:25:04) <-- (may instantiate this module)
                        C:\Users\cypri\Documents\GIT\PGE\11_FPGA_GENERATION\GenVideo\Diamond1.4\A\reveal_workspace\tmpreveal\top_la0_trig_gen.v (2021-04-15 15:13:06, 2021-04-15 15:25:04) <-- (may instantiate this module)
103      work.rvl_tu.verilog may have changed because the following files changed:
                        C:\Users\cypri\Documents\GIT\PGE\11_FPGA_GENERATION\GenVideo\Diamond1.4\A\reveal_workspace\tmpreveal\Top_rvl_top.vhd (2021-04-15 15:13:06, 2021-04-15 15:25:04) <-- (may instantiate this module)
                        C:\Users\cypri\Documents\GIT\PGE\11_FPGA_GENERATION\GenVideo\Diamond1.4\A\reveal_workspace\tmpreveal\top_la0_gen.v (2021-04-15 15:13:06, 2021-04-15 15:25:04) <-- (may instantiate this module)
                        C:\Users\cypri\Documents\GIT\PGE\11_FPGA_GENERATION\GenVideo\Diamond1.4\A\reveal_workspace\tmpreveal\top_la0_trig_gen.v (2021-04-15 15:13:06, 2021-04-15 15:25:04) <-- (may instantiate this module)
104      work.rx.behavioral may have changed because the following files changed:
                        C:\Users\cypri\Documents\GIT\PGE\11_FPGA_GENERATION\GenVideo\Diamond1.4\A\reveal_workspace\tmpreveal\Top_rvl_top.vhd (2021-04-15 15:13:06, 2021-04-15 15:25:04) <-- (architecture and entity definition)
106      work.rx_uniq_0.behavioral may have changed because the following files changed:
                        C:\Users\cypri\Documents\GIT\PGE\11_FPGA_GENERATION\GenVideo\Diamond1.4\A\reveal_workspace\tmpreveal\Top_rvl_top.vhd (2021-04-15 15:13:06, 2021-04-15 15:25:04) <-- (architecture and entity definition)
108      work.seqblk.behavioral may have changed because the following files changed:
                        C:\Users\cypri\Documents\GIT\PGE\11_FPGA_GENERATION\GenVideo\Diamond1.4\A\reveal_workspace\tmpreveal\Top_rvl_top.vhd (2021-04-15 15:13:06, 2021-04-15 15:25:04) <-- (architecture and entity definition)
110      work.seqblk_uniq_0.behavioral may have changed because the following files changed:
                        C:\Users\cypri\Documents\GIT\PGE\11_FPGA_GENERATION\GenVideo\Diamond1.4\A\reveal_workspace\tmpreveal\Top_rvl_top.vhd (2021-04-15 15:13:06, 2021-04-15 15:25:04) <-- (architecture and entity definition)
140      work.simulacion.simulacion may have changed because the following files changed:
                        C:\Users\cypri\Documents\GIT\PGE\11_FPGA_GENERATION\GenVideo\Diamond1.4\A\reveal_workspace\tmpreveal\Top_rvl_top.vhd (2021-04-15 15:13:06, 2021-04-15 15:25:04) <-- (architecture and entity definition)
164      work.spi_in.ar may have changed because the following files changed:
                        C:\Users\cypri\Documents\GIT\PGE\11_FPGA_GENERATION\GenVideo\Diamond1.4\A\reveal_workspace\tmpreveal\Top_rvl_top.vhd (2021-04-15 15:13:06, 2021-04-15 15:25:04) <-- (architecture and entity definition)
166      work.spi_in_uniq_0.ar may have changed because the following files changed:
                        C:\Users\cypri\Documents\GIT\PGE\11_FPGA_GENERATION\GenVideo\Diamond1.4\A\reveal_workspace\tmpreveal\Top_rvl_top.vhd (2021-04-15 15:13:06, 2021-04-15 15:25:04) <-- (architecture and entity definition)
168      work.spi_out.ar may have changed because the following files changed:
                        C:\Users\cypri\Documents\GIT\PGE\11_FPGA_GENERATION\GenVideo\Diamond1.4\A\reveal_workspace\tmpreveal\Top_rvl_top.vhd (2021-04-15 15:13:06, 2021-04-15 15:25:04) <-- (architecture and entity definition)
170      work.spi_out_uniq_0.ar may have changed because the following files changed:
                        C:\Users\cypri\Documents\GIT\PGE\11_FPGA_GENERATION\GenVideo\Diamond1.4\A\reveal_workspace\tmpreveal\Top_rvl_top.vhd (2021-04-15 15:13:06, 2021-04-15 15:25:04) <-- (architecture and entity definition)
172      work.spi_slave.ar may have changed because the following files changed:
                        C:\Users\cypri\Documents\GIT\PGE\11_FPGA_GENERATION\GenVideo\Diamond1.4\A\reveal_workspace\tmpreveal\Top_rvl_top.vhd (2021-04-15 15:13:06, 2021-04-15 15:25:04) <-- (architecture and entity definition)
174      work.spi_slave_uniq_0.ar may have changed because the following files changed:
                        C:\Users\cypri\Documents\GIT\PGE\11_FPGA_GENERATION\GenVideo\Diamond1.4\A\reveal_workspace\tmpreveal\Top_rvl_top.vhd (2021-04-15 15:13:06, 2021-04-15 15:25:04) <-- (architecture and entity definition)
112      work.testvideotop.rtl may have changed because the following files changed:
                        C:\Users\cypri\Documents\GIT\PGE\11_FPGA_GENERATION\GenVideo\Diamond1.4\A\reveal_workspace\tmpreveal\Top_rvl_top.vhd (2021-04-15 15:13:06, 2021-04-15 15:25:04) <-- (architecture and entity definition)
176      work.testvideotop_uniq_0.rtl may have changed because the following files changed:
                        C:\Users\cypri\Documents\GIT\PGE\11_FPGA_GENERATION\GenVideo\Diamond1.4\A\reveal_workspace\tmpreveal\Top_rvl_top.vhd (2021-04-15 15:13:06, 2021-04-15 15:25:04) <-- (architecture and entity definition)
178      work.top.rtl may have changed because the following files changed:
                        C:\Users\cypri\Documents\GIT\PGE\11_FPGA_GENERATION\GenVideo\Diamond1.4\A\reveal_workspace\tmpreveal\Top_rvl_top.vhd (2021-04-15 15:13:06, 2021-04-15 15:25:04) <-- (architecture and entity definition)
180      work.top_la0.verilog may have changed because the following files changed:
                        C:\Users\cypri\Documents\GIT\PGE\11_FPGA_GENERATION\GenVideo\Diamond1.4\A\reveal_workspace\tmpreveal\Top_rvl_top.vhd (2021-04-15 15:13:06, 2021-04-15 15:25:04) <-- (may instantiate this module)
                        C:\Users\cypri\Documents\GIT\PGE\11_FPGA_GENERATION\GenVideo\Diamond1.4\A\reveal_workspace\tmpreveal\top_la0_gen.v (2021-04-15 15:13:06, 2021-04-15 15:25:04) <-- (module definition)
181      work.top_la0_trig.verilog may have changed because the following files changed:
                        C:\Users\cypri\Documents\GIT\PGE\11_FPGA_GENERATION\GenVideo\Diamond1.4\A\reveal_workspace\tmpreveal\Top_rvl_top.vhd (2021-04-15 15:13:06, 2021-04-15 15:25:04) <-- (may instantiate this module)
                        C:\Users\cypri\Documents\GIT\PGE\11_FPGA_GENERATION\GenVideo\Diamond1.4\A\reveal_workspace\tmpreveal\top_la0_gen.v (2021-04-15 15:13:06, 2021-04-15 15:25:04) <-- (may instantiate this module)
                        C:\Users\cypri\Documents\GIT\PGE\11_FPGA_GENERATION\GenVideo\Diamond1.4\A\reveal_workspace\tmpreveal\top_la0_trig_gen.v (2021-04-15 15:13:06, 2021-04-15 15:25:04) <-- (module definition)
116      work.tx.behavioral may have changed because the following files changed:
                        C:\Users\cypri\Documents\GIT\PGE\11_FPGA_GENERATION\GenVideo\Diamond1.4\A\reveal_workspace\tmpreveal\Top_rvl_top.vhd (2021-04-15 15:13:06, 2021-04-15 15:25:04) <-- (architecture and entity definition)
118      work.tx_uniq_0.behavioral may have changed because the following files changed:
                        C:\Users\cypri\Documents\GIT\PGE\11_FPGA_GENERATION\GenVideo\Diamond1.4\A\reveal_workspace\tmpreveal\Top_rvl_top.vhd (2021-04-15 15:13:06, 2021-04-15 15:25:04) <-- (architecture and entity definition)
120      work.uart.rtl may have changed because the following files changed:
                        C:\Users\cypri\Documents\GIT\PGE\11_FPGA_GENERATION\GenVideo\Diamond1.4\A\reveal_workspace\tmpreveal\Top_rvl_top.vhd (2021-04-15 15:13:06, 2021-04-15 15:25:04) <-- (architecture and entity definition)
122      work.uart_uniq_0.rtl may have changed because the following files changed:
                        C:\Users\cypri\Documents\GIT\PGE\11_FPGA_GENERATION\GenVideo\Diamond1.4\A\reveal_workspace\tmpreveal\Top_rvl_top.vhd (2021-04-15 15:13:06, 2021-04-15 15:25:04) <-- (architecture and entity definition)
124      work.vga.vga may have changed because the following files changed:
                        C:\Users\cypri\Documents\GIT\PGE\11_FPGA_GENERATION\GenVideo\Diamond1.4\A\reveal_workspace\tmpreveal\Top_rvl_top.vhd (2021-04-15 15:13:06, 2021-04-15 15:25:04) <-- (architecture and entity definition)

*******************************************************************
Unmodified files: 21
FID:  path (timestamp)
172      C:\lscc\diamond\3.12\cae_library\synthesis\verilog\pmi_def.v (2020-11-25 07:53:48)
173      C:\lscc\diamond\3.12\module\reveal\src\ertl\JTAG_SOFT.v (2016-03-30 14:25:00)
174      C:\lscc\diamond\3.12\module\reveal\src\ertl\ertl.v (2017-04-26 12:34:32)
175      C:\lscc\diamond\3.12\module\reveal\src\rvl_j2w_module\rvl_j2w_module.v (2013-11-25 16:02:34)
176      C:\lscc\diamond\3.12\module\reveal\src\rvl_j2w_module\wb2sci.v (2013-11-11 16:19:06)
177      C:\lscc\diamond\3.12\synpbase\lib\lucent\ecp3.v (2020-10-29 10:20:54)
178      C:\lscc\diamond\3.12\synpbase\lib\lucent\pmi_def.v (2020-10-29 10:20:54)
154      C:\lscc\diamond\3.12\synpbase\lib\vhd\arith.vhd (2020-10-29 10:23:10)
155      C:\lscc\diamond\3.12\synpbase\lib\vhd\hyperents.vhd (2020-10-29 10:23:10)
156      C:\lscc\diamond\3.12\synpbase\lib\vhd\location.map (2020-11-02 17:26:20)
157      C:\lscc\diamond\3.12\synpbase\lib\vhd\misc.vhd (2020-10-29 10:23:10)
158      C:\lscc\diamond\3.12\synpbase\lib\vhd\numeric.vhd (2020-10-29 10:23:10)
159      C:\lscc\diamond\3.12\synpbase\lib\vhd\snps_haps_pkg.vhd (2020-10-29 10:23:10)
160      C:\lscc\diamond\3.12\synpbase\lib\vhd\std.vhd (2020-10-29 10:23:10)
161      C:\lscc\diamond\3.12\synpbase\lib\vhd\std1164.vhd (2020-10-29 10:23:10)
162      C:\lscc\diamond\3.12\synpbase\lib\vhd\umr_capim.vhd (2020-10-29 10:23:10)
163      C:\lscc\diamond\3.12\synpbase\lib\vhd\unsigned.vhd (2020-10-29 10:23:10)
179      C:\lscc\diamond\3.12\synpbase\lib\vlog\hypermods.v (2020-10-29 10:23:10)
180      C:\lscc\diamond\3.12\synpbase\lib\vlog\scemi_objects.v (2020-10-29 10:23:10)
181      C:\lscc\diamond\3.12\synpbase\lib\vlog\scemi_pipes.svh (2020-10-29 10:23:10)
182      C:\lscc\diamond\3.12\synpbase\lib\vlog\umr_capim.v (2020-10-29 10:23:10)

*******************************************************************
Unchanged modules: 13
MID:  lib.cell.view
0        work.JTAG_SOFT.verilog
41       work.idata.verilog
42       work.jtag_cntl_soft.verilog
43       work.jtag_inst_dec_soft.verilog
44       work.jtag_logic_soft.verilog
45       work.jtag_register_soft.verilog
46       work.jtag_tap_cntl_soft.verilog
48       work.jtaghub16.verilog
49       work.jtaghub_if.verilog
96       work.rvl_j2w.verilog
97       work.rvl_jtag2wb.verilog
126      work.wb2sci.verilog
127      work.wb_control.verilog
